LIBXPLAYER_PL_PARSER_MINI_1.0 {
  global:
    xplayer_cd_detect_type;
    xplayer_cd_detect_type_from_dir;
    xplayer_cd_detect_type_with_url;
    xplayer_cd_get_human_readable_name;
    xplayer_cd_has_medium;
    xplayer_cd_mrl_from_type;
    xplayer_disc_media_type_get_type;
    xplayer_disc_media_type_quark;
    xplayer_pl_parser_add_ignored_mimetype;
    xplayer_pl_parser_add_ignored_scheme;
    xplayer_pl_parser_can_parse_from_data;
    xplayer_pl_parser_can_parse_from_filename;
    xplayer_pl_parser_can_parse_from_uri;
    xplayer_pl_parser_error_get_type;
    xplayer_pl_parser_error_quark;
    xplayer_pl_parser_get_type;
    xplayerplparser_marshal_VOID__STRING_STRING_STRING;
    xplayer_pl_parser_new;
    xplayer_pl_parser_parse;
    xplayer_pl_parser_parse_async;
    xplayer_pl_parser_parse_finish;
    xplayer_pl_parser_parse_date;
    xplayer_pl_parser_parse_duration;
    xplayer_pl_parser_parse_with_base;
    xplayer_pl_parser_parse_with_base_async;
    xplayer_pl_parser_relative;
    xplayer_pl_parser_resolve_uri;
    xplayer_pl_parser_result_get_type;
    xplayer_pl_parser_type_get_type;
    xplayer_pl_parser_save;
    xplayer_pl_parser_metadata_get_type;
    xplayer_pl_playlist_get_type;
    xplayer_pl_playlist_new;
    xplayer_pl_playlist_size;
    xplayer_pl_playlist_prepend;
    xplayer_pl_playlist_append;
    xplayer_pl_playlist_insert;
    xplayer_pl_playlist_iter_first;
    xplayer_pl_playlist_iter_next;
    xplayer_pl_playlist_iter_prev;
    xplayer_pl_playlist_get_value;
    xplayer_pl_playlist_get_valist;
    xplayer_pl_playlist_get;
    xplayer_pl_playlist_set_value;
    xplayer_pl_playlist_set_valist;
    xplayer_pl_playlist_set;

  local:
    *;
};
